C51 COMPILER V9.59.0.0   1                                                                 04/19/2020 15:40:20 PAGE 1   


C51 COMPILER V9.59.0.0, COMPILATION OF MODULE 1
OBJECT MODULE PLACED IN .\Objects\1.obj
COMPILER INVOKED BY: D:\Keil_v5\C51\BIN\C51.EXE 1.c OPTIMIZE(8,SPEED) BROWSE DEBUG OBJECTEXTEND PRINT(.\Listings\1.lst) 
                    -TABS(2) OBJECT(.\Objects\1.obj)

line level    source

   1          #include <reg51.h>
   2          sbit P3_2=P3^2;
   3          sbit P3_3=P3^3;
   4          sbit P3_4=P3^4;
   5          sbit P3_5=P3^5;
   6          unsigned int y;
   7          unsigned int a[8] = {0xfe,0xfd,0xfb,0xf7,0xef,0xdf,0xbf,0x7f};//流水灯P1的值
   8          void delay(unsigned int time)//延时函数
   9            {
  10   1         unsigned int i,j;
  11   1         for(i=0;i<time;i++)
  12   1         for(j=0;j<1000;j++)
  13   1         ;
  14   1        } 
  15          void main(void)
  16          {
  17   1      SCON=0x50;//串行口通信方式1，接收允许
  18   1        //01 01 00 00b
  19   1        //工作方式1，SM1 SM0 = 01 SM2 = 0 REN = 1 TB8 = 0，RB8 = 0 TI = 0，RI = 0
  20   1      PCON=0x00;//SMOD=0
  21   1        //选择不倍增，波特率倍增位SMOD = 0，
  22   1      TMOD=0x20;//定时器T1 方式2
  23   1        //0 0 10 0000b。
  24   1        //GATE = 0 C/T=0 M1M0 = 10 TMOD低四位缺省为0000
  25   1      TH1=0xF4; //波特率为2400bit/s，时钟频率11.0592MHz的初值
  26   1        //波特率为2400bit/s，时钟频率fosc = 11.0592MHz，SMOD=0，带入公式
  27   1        //T1的初值X = 256－fosc×2的SMOD次方 / （12×波特率×32）
  28   1      TL1=0xF4;
  29   1      TR1=1; //启动T1定时
  30   1      if(P3_2==0) //检测按键，仿真环境下标准下降沿，无需软件消抖
  31   1      {
  32   2        SBUF=0xaa; 
  33   2        while(TI==0);//发送中TI 为0，直到发送完毕TI 硬件置1
  34   2        TI=0; //软件清0，开始下一轮发送
  35   2      }
  36   1      if(P3_3==0) //检测按键，仿真环境下标准下降沿，无需软件消抖
  37   1      {
  38   2        SBUF=0x55; 
  39   2        while(TI==0);//发送中TI 为0，直到发送完毕TI 硬件置1
  40   2        TI=0; //软件清0，开始下一轮发送
  41   2      }
  42   1      if(P3_4==0) //检测按键，仿真环境下标准下降沿，无需软件消抖
  43   1      {   
  44   2        for(y=0;y<8;y++)
  45   2           {
  46   3           SBUF=a[y];
  47   3           delay(20);
  48   3           }
  49   2        while(TI==0);//发送中TI 为0，直到发送完毕TI 硬件置1
  50   2        TI=0; //软件清0，开始下一轮发送
  51   2      }
  52   1      if(P3_5==0) //检测按键，仿真环境下标准下降沿，无需软件消抖
  53   1      {
  54   2        for(y=0;y<8;y++)
C51 COMPILER V9.59.0.0   1                                                                 04/19/2020 15:40:20 PAGE 2   

  55   2           {
  56   3           SBUF=a[7-y];
  57   3           delay(20);
  58   3           }
  59   2        while(TI==0);//发送中TI 为0，直到发送完毕TI 硬件置1
  60   2        TI=0; //软件清0，开始下一轮发送
  61   2      }
  62   1      else
  63   1       {
  64   2        SBUF=0xff;
  65   2        while(TI==0);
  66   2        TI=0;
  67   2       }
  68   1      }


MODULE INFORMATION:   STATIC OVERLAYABLE
   CODE SIZE        =    167    ----
   CONSTANT SIZE    =   ----    ----
   XDATA SIZE       =   ----    ----
   PDATA SIZE       =   ----    ----
   DATA SIZE        =     18    ----
   IDATA SIZE       =   ----    ----
   BIT SIZE         =   ----    ----
END OF MODULE INFORMATION.


C51 COMPILATION COMPLETE.  0 WARNING(S),  0 ERROR(S)
